// Jest Snapshot v1, https://goo.gl/fbAQLP

exports[`renders correctly 1`] = `
<div
  className="sc-bdVaJa iSQxZw"
>
  <img
    alt={2}
    className="sc-bxivhb eHjkRf"
    src="https://placehold.it/1920x1080"
  />
  <h1
    className="sc-bwzfXH cIUGvj"
  >
    Lorem Ipsum 
  </h1>
  <p
    className="sc-htpNat kzIIDb"
  >
    Lorem ipsum dolor sit amet, consectetur adipiscing elit, sed do eiusmod tempor incididunt ut labore et dolore magna aliqua. Ut enim ad minim veniam, q
  </p>
</div>
`;
